
========================================================================
  Script : analyse_run.py
  Log    : analyse_run.log
  Started: 2026-08-17 03:51:26
========================================================================
==============================================================================
  20260815T201624_chain_arc_r25_v250_left
==============================================================================
A. PROVENANCE — what was asked for, and how the arm was configured
   run            20260815T201624_chain_arc_r25_v250_left
   mode           REAL
   side / path    left / ../paths/chain_semantics_006.py
   tool frame     L_glove_4
   waypoints      6 over 5 segments
   blend / connect r=25 %   connect=1
   ladder rung    1 of 1   (all rungs [0.25])
   limits in force line_speed 0.250  line_acc 1.600  angular 0.600 / 4.000

B. STREAM HEALTH — is this recording usable at all
   335 samples over 3.34 s = 99.9 Hz
   dt ms          median 10.0  p5 9.9  p95 10.1  max 10.8
   position channel: 21 % of moving intervals advance < 40 % of the median step (1.59 mm)
                     ^ EXPECTED on this controller — the position field is not synchronous with the push. Speeds here are differenced over 7 samples for that reason; single-sample differencing reads up to 162 % of a cap the arm never exceeded.

C. MOTION — did it go where it was sent, and when did it start
   first motion   0.09 s after recording started
   traced         0.624 m
   commanded      0.540 m   (traced/commanded 115 %)
                  ^ summed arc runs 7-10 % LONG on this stream (noise, not travel), so 100-110 %% is normal and a shortfall can hide inside it — which is why the end pose is checked separately:
   start error    0.2 mm      end error 0.9 mm

D. TCP SPEED
   typical 217 mm/s   p95 277 mm/s   peak 293 mm/s
   cap in force 250 mm/s -> typical is 87 % of it, p95 111 %
                  ^ the MEDIAN sitting well under the cap is expected, not a fault: it is bound by ACCELERATION (H57 — at fixed line_speed 0.45 the median rose 62.6 -> 87.6 % as line_acc went 1.6 -> 3.6 while p95 stayed pinned at the cap).
   17 decelerations below half cruise; 12 % of moving samples spent under it

E. JOINTS — travel, rate against the limit, and DWELL near it
   rate estimator: reported speed{n}
   joint travel deg  deg per m peak deg/s   % limit      p95     limit
   J1          45.1       72.3         60       33%       50       180
   J2          86.5      138.7         49       27%       44       180
   J3          30.2       48.4         75       34%       52       225
   J4         173.0      277.4         98       44%       87       225
   J5          11.8       19.0         39       17%       16       225
   J6          93.7      150.2         51       23%       46       225
   J7          39.8       63.8         44       20%       34       225
   worst: J4 at 44 % of its limit
   dwell (max over joints of |rate|/limit at each sample):
     >=  95 %        0 ms
     >=  98 %        0 ms
     >= 100 %        0 ms

F. WHERE THE TCP MOTION COMES FROM
   FK+tool model matches the recorded TCP to 0.00 mm — the split below is sound
   joint     TCP metres    share
   J1             0.256       7%
   J2             0.753      20%
   J3             0.245       7%
   J4             1.731      47%
   J5             0.026       1%
   J6             0.624      17%
   J7             0.040       1%
   the joints produce 3.68 m of TCP motion to deliver a 0.62 m path = 5.9x
                  ^ the excess CANCELS: this is a 7-DOF arm on a 6-DOF task with no null-space objective, so nothing penalises internal motion that goes nowhere. A joint with large travel and a small share is churning.

J. CONDITIONING — how close to a singularity
   sigma_min   min 0.1007 at t=1.24s   p05 0.1048   median 0.1191
   the SDK calls a pose singular below 0.01 (its default)

G. ELECTRICAL — R10, the top open risk in PHASE_PLAN
   joint      peak mA    median mA
   J1            2428          567
   J2            4130          944
   J3            2979          534
   J4            4725         2622
   J5            1154          414
   J6            1536          542
   J7             994          542
   highest draw: J4 at 4.72 A
                  ^ PHASE_PLAN's R10 discriminator is WHICH joint spikes: J2/J4 points at supply margin, J6/J7 at wrist demand. For reference the 0.80 m/s run that reversed four joints in 80 ms drew 16.7 A on J4.
   peak current DURING a speed dip: 3.88 A (82 % of the run's peak)
   voltage        21-22 V, 2 distinct values -> ~1 V resolution
                  ^ this channel is LIVE, which F30 recorded it as not being. Coarse, but it can now show a sag — worth pairing with the current column above for the R10 ladder.
   temperature    36 36 37 38 38 38 40 C per joint
                  ^ constant within this run: 1 C resolution and a short run. Compare ACROSS runs in a session for drift, not within one.

H. FAULTS AND STATE
   joint error flags   all zero
   joint enables       all high throughout
   arm_status          IDLE@0.3s -> MOVE_L@0.4s -> MOVE_C@1.1s -> IDLE@1.4s -> MOVE_L@1.6s -> IDLE@2.1s -> MOVE_C@2.3s -> IDLE@2.6s -> MOVE_L@2.7s -> IDLE@3.5s
   [BLEND ACTIVE] the controller left MOVE_L 3 time(s) mid-run WITH THE TOOL STILL MOVING (up to 140 mm/s). That is the blend arc between two queued trajectories — independent confirmation, from the controller's own state machine, that the radius is being applied.
   corners that blended: 1* 2 3 4   (* = none, the tool ran through inside a single trajectory)
                  ^ the FIRST corner is the one without a blend. Measured across the 2026-08-13 runs this is positional, not angular: reversing the path moved the effect onto whichever corner came first.
   nothing reported on any fault channel.
                  ^ this is NOT proof the run was fine. The arm has completed a run at 105.9 % of J4's limit, drawing 16.7 A, with every one of these channels clean (H39). The pendant showed 'Out Of Reach, reason: Joint4 overspeed' for a refusal that none of these columns reported.

I. GRAVITY TORQUE vs MEASURED CURRENT — F30
   payload not supplied — pass --payload M,CX,CY,CZ (read it with payload_audit.py; it is CONTROLLER state, not in run.json)
   joint  tau arm Nm    +payload     peak A effort Nm
   J1           4.44        4.44       2.43        60
   J2           8.74        8.74       4.13        60
   J3           1.48        1.48       2.98        30
   J4           2.47        2.47       4.72        30
   J5           0.41        0.41       1.15        10
   J6           0.08        0.08       1.54        10
   J7           0.00        0.00       0.99        10
   model ranks joints J2>J1>J4 ; the arm draws most on J4>J2>J3
                  ^ they DISAGREE on the top joint. That is F30's direction if the gap is on J4: gravity alone does not explain its draw. It is also what a missing inertial term looks like, so this is a lead, not a finding.
                  ^ without the payload this is the ARM ONLY. F30 is a claim ABOUT the payload record, so the comparison is not yet the one that tests it.

