
========================================================================
  Script : power_probe.py
  Log    : power_probe.log
  Started: 2026-08-10 13:02:00
========================================================================
Per-joint VOLTAGE / CURRENT recorder — turn the power question into data.

The UDP realtime push carries joint_voltage (0.001 V), joint_current
(mA), joint_temperature and joint_en_flag for all seven joints at up to
100 Hz — everything needed to say WHY J6/J7 report Under Voltage instead
of guessing between speed, contact and supply.

This tool only listens. Run it in one terminal while any test runs in
another, or alone for an idle baseline:

    RM_ARM=left python3 power_probe.py --seconds 10 --label idle
    RM_ARM=left python3 power_probe.py --seconds 120 --label chain_hover10

It prints a 1 Hz live line (min voltage / max current and which joint),
reports the collision-protection stage and joint enable states at start
(read-only), and on exit writes a CSV plus a per-joint summary.

HOW TO READ IT (the three candidate mechanisms):

  supply/harness   V(J6/J7) sits visibly below V(J1) ALREADY AT IDLE
                   — resistance in the arm's power chain, hardware.
  speed            V dips track motion in FREE SPACE as v% rises,
                   current high on the big joints (J2/J4).
  contact          V healthy in free space at any speed; the dip appears
                   only when the glove meets the fixture, current spiking
                   on the WRIST joints. NOTE: the 2026-08-08 incident was
                   FREE SPACE (Newton) — contact did not cause it; this
                   mechanism matters for the future, when contact begins.

WHICH JOINT'S CURRENT SPIKES AT THE DIP is the discriminator: J2/J4
(shoulder/elbow accel transients loading the shared bus) point at supply
margin; J6/J7 themselves point at wrist-drive demand. Under-voltage at
IDLE or straight after boot needs no motion story at all — that is
supply/harness/e-stop-circuit hardware, a RealMan support case.

Usage: python3 <script>.py [--mode SIM|REAL] [--no-hands] [--no-pole]
                           [-h|--help]
  --mode SIM|REAL   engage and VERIFY the run mode before any motion
                    (restored on exit); without it the test runs as-found
  --no-hands        strip all hand steps/parts from the run
  --no-pole         skip pole pre-positioning and strip pole/sync-lift
                    steps (sync steps run as plain arm moves)
  --clear-errors    clear LATCHED controller/joint errors before the run.
                    A sudden trajectory abort (or an e-stop) latches joint
                    errors and every motion command is then rejected with
                    ret=1 — motion tests refuse to start until they clear
  -h, --help        show the script's documentation and exit (no motion)
C8 pole diagnostic (test_pole_only.py) only:
  --diagnose-only   read state and report; NO pole motion at all

Environment overrides:
  RM_LEFT_IP / RM_RIGHT_IP / RM_ROBOT_PORT     arm endpoints
  RM_HOST_IP / RM_UDP_PORT                     UDP push target (C5)
  RM_ARM=left|right                            arm selection (C6/C7)
  RM_LEFT_LIFT_GEAR / RM_RIGHT_LIFT_GEAR       1to1 | 2to3
  RM_SYNC_BACKEND=canfd|planned                how the ARM half of a sync
                    step is driven. canfd (default) = streamed passthrough,
                    the combination bench_sync proved works. planned =
                    rm_movej — LOCKED (vendor-confirmed Gen-3 defect,
                    2026-08-08, no fix ETA); needs RM_UNLOCK_PLANNED_SYNC=1,
                    only for re-testing after a RealMan firmware fix
  RM_CANFD_RATE_HZ / RM_CANFD_ARM_S / RM_CANFD_FOLLOW   stream parameters
  RM_SYNC_ORDER=lift_first|arm_first           sync dispatch order (a lift
                    command lands on an in-flight movej under arm_first and
                    KILLS it — that order froze the arms 2026-08-06/07)
  RM_SYNC_LEAD_MS=N                            pole head start on sync steps
  RM_ARM_TIMEOUT_S / RM_LIFT_TIMEOUT_S         arrival waits (default 40 / 60)
  RM_HAND_DWELL_S / RM_HAND_MODBUS_DEVICE / RM_KEEP_MODBUS=1
  RM_ALLOW_NO_UDP=1 / RM_EMU_TIME_SCALE

