
========================================================================
  Script : recover_joints.py
  Log    : recover_joints.log
  Started: 2026-08-10 13:02:00
========================================================================
Joint recovery — clear errors and RE-ENABLE disabled joints. Deliberate.

Why this exists (2026-08-08): after a trajectory abort at speed, the left
arm's J6 and J7 latched "Under Voltage" and were DE-ENABLED. In that state

  * every motion command fails within ~0.1 s (any move touching a dead
    joint is rejected), and
  * TEACH MODE IS DANGEROUS: pressing the teach button releases the
    brakes on ALL joints, and an unpowered joint has nothing holding it —
    the wrist and hand drop under gravity, violently. Releasing the
    button clamps the brakes again mid-fall.

`rm_clear_system_err` does not touch this (F13), and a de-enabled joint is
not an "error flag" either — recovery is PER JOINT: clear its error, then
re-enable it, then verify.

Default is REPORT-ONLY. Enabling drive power is an action:

    RM_ARM=left python3 recover_joints.py                 # report state
    RM_ARM=left python3 recover_joints.py --enable 6,7    # clear + enable

SUPPORT THE ARM while enabling — if the underlying cause (supply sag,
e-stop circuit, harness) is still present, the joint may fault again
immediately. If Under Voltage returns at idle or right at boot, that is a
hardware/power problem for RealMan, not a software state to clear.

Usage: python3 <script>.py [--mode SIM|REAL] [--no-hands] [--no-pole]
                           [-h|--help]
  --mode SIM|REAL   engage and VERIFY the run mode before any motion
                    (restored on exit); without it the test runs as-found
  --no-hands        strip all hand steps/parts from the run
  --no-pole         skip pole pre-positioning and strip pole/sync-lift
                    steps (sync steps run as plain arm moves)
  --clear-errors    clear LATCHED controller/joint errors before the run.
                    A sudden trajectory abort (or an e-stop) latches joint
                    errors and every motion command is then rejected with
                    ret=1 — motion tests refuse to start until they clear
  -h, --help        show the script's documentation and exit (no motion)
C8 pole diagnostic (test_pole_only.py) only:
  --diagnose-only   read state and report; NO pole motion at all

Environment overrides:
  RM_LEFT_IP / RM_RIGHT_IP / RM_ROBOT_PORT     arm endpoints
  RM_HOST_IP / RM_UDP_PORT                     UDP push target (C5)
  RM_ARM=left|right                            arm selection (C6/C7)
  RM_LEFT_LIFT_GEAR / RM_RIGHT_LIFT_GEAR       1to1 | 2to3
  RM_SYNC_BACKEND=canfd|planned                how the ARM half of a sync
                    step is driven. canfd (default) = streamed passthrough,
                    the combination bench_sync proved works. planned =
                    rm_movej — LOCKED (vendor-confirmed Gen-3 defect,
                    2026-08-08, no fix ETA); needs RM_UNLOCK_PLANNED_SYNC=1,
                    only for re-testing after a RealMan firmware fix
  RM_CANFD_RATE_HZ / RM_CANFD_ARM_S / RM_CANFD_FOLLOW   stream parameters
  RM_SYNC_ORDER=lift_first|arm_first           sync dispatch order (a lift
                    command lands on an in-flight movej under arm_first and
                    KILLS it — that order froze the arms 2026-08-06/07)
  RM_SYNC_LEAD_MS=N                            pole head start on sync steps
  RM_ARM_TIMEOUT_S / RM_LIFT_TIMEOUT_S         arrival waits (default 40 / 60)
  RM_HAND_DWELL_S / RM_HAND_MODBUS_DEVICE / RM_KEEP_MODBUS=1
  RM_ALLOW_NO_UDP=1 / RM_EMU_TIME_SCALE

