
========================================================================
  Script : run_dry_run.py
  Log    : run_dry_run.log
  Started: 2026-08-05 03:56:22
========================================================================
====================================================================
Dual-arm concept — offline dry run (no hardware, no motion)
====================================================================

A. Unit conversions
  [PASS] left ready J2 rad->deg  (-108.0025)
  [PASS] left ready J7 rad->deg  (180.0004)
  [PASS] right rest J3 rad->deg  (-26.0008)
  [PASS] right zero all 0
  [PASS] lift minimum -> 7 hw-mm
  [PASS] lift quarter -> 50 hw-mm
  [PASS] lift half -> 100 hw-mm
  [PASS] lift full -> 193 hw-mm
  [PASS] lift range guard rejects 0.0
  [PASS] lift range guard rejects 0.31
  [PASS] lift range guard rejects -0.1

B. Concept sequence
  [PASS] 6 steps
  [PASS] first step homes to ready
  [PASS] all targets defined for both sides

C. ArrivalMonitor demux
  [PASS] wrong handle ignored
  [PASS] event_type 0 ignored
  [PASS] trajectory_connect=1 does not complete
  [PASS] matching event completes with success
  [PASS] failed trajectory reported

D. Locked mode (mock)
  [PASS] locked completes ok
  [PASS] locked ran all steps
  [PASS] locked arrivals via event
  [PASS] locked dispatch skew < 20 ms (mock)  (max 0.27 ms)
  [PASS] locked barrier: step k+1 after both k done
  [PASS] locked wall time plausible  (0.26 s)
  [PASS] locked stops on dispatch failure
  [PASS] locked partner halted on failure

E. Chained mode (mock)
  [PASS] chained completes ok
  [PASS] chained ordering: follower k after leader k done
  [PASS] chained pipelines (leader k+1 overlaps follower k)

F. Free mode (mock)
  [PASS] free completes ok
  [PASS] free ran all steps both arms
  [PASS] free stops partner on failure

====================================================================
Dry run: 33/33 passed
====================================================================

========================================================================
  Script : run_dry_run.py
  Log    : run_dry_run.log
  Started: 2026-08-05 09:08:35
========================================================================
====================================================================
Dual-arm concept — offline dry run (no hardware, no motion)
====================================================================

A. Unit conversions
  [PASS] left ready J2 rad->deg  (-108.0025)
  [PASS] left ready J7 rad->deg  (180.0004)
  [PASS] right rest J3 rad->deg  (-26.0008)
  [PASS] right zero all 0
  [PASS] lift minimum -> 7 hw-mm
  [PASS] lift quarter -> 50 hw-mm
  [PASS] lift half -> 100 hw-mm
  [PASS] lift full -> 193 hw-mm
  [PASS] lift range guard rejects 0.0
  [PASS] lift range guard rejects 0.31
  [PASS] lift range guard rejects -0.1

B. Concept sequence
  [PASS] 6 steps
  [PASS] first step homes to ready
  [PASS] all targets defined for both sides

C. ArrivalMonitor demux
  [PASS] wrong handle ignored
  [PASS] event_type 0 ignored
  [PASS] trajectory_connect=1 does not complete
  [PASS] matching event completes with success
  [PASS] failed trajectory reported

D. Locked mode (mock)
  [PASS] locked completes ok
  [PASS] locked ran all steps
  [PASS] locked arrivals via event
  [PASS] locked dispatch skew < 20 ms (mock)  (max 0.36 ms)
  [PASS] locked barrier: step k+1 after both k done
  [PASS] locked wall time plausible  (0.26 s)
  [PASS] locked stops on dispatch failure
  [PASS] locked partner halted on failure

E. Chained mode (mock)
  [PASS] chained completes ok
  [PASS] chained ordering: follower k after leader k done
  [PASS] chained pipelines (leader k+1 overlaps follower k)

F. Free mode (mock)
  [PASS] free completes ok
  [PASS] free ran all steps both arms
  [PASS] free stops partner on failure

====================================================================
Dry run: 33/33 passed
====================================================================

========================================================================
  Script : run_dry_run.py
  Log    : run_dry_run.log
  Started: 2026-08-05 09:40:13
========================================================================
====================================================================
Dual-arm concept — offline dry run (no hardware, no motion)
====================================================================

A. Unit conversions
  [PASS] left ready J2 rad->deg  (-108.0025)
  [PASS] left ready J7 rad->deg  (180.0004)
  [PASS] right rest J3 rad->deg  (-26.0008)
  [PASS] right zero all 0
  [PASS] lift minimum -> 7 hw-mm
  [PASS] lift quarter -> 50 hw-mm
  [PASS] lift half -> 100 hw-mm
  [PASS] lift full -> 193 hw-mm
  [PASS] lift range guard rejects 0.0
  [PASS] lift range guard rejects 0.31
  [PASS] lift range guard rejects -0.1

B. Concept sequence
  [PASS] 7 steps
  [PASS] first step homes to ready
  [PASS] all targets defined for both sides
  [PASS] sequence includes sync steps
  [PASS] sequence includes hand steps
  [PASS] hand grasp = 33/33/33/33/133/944 (bench echo)
  [PASS] hand values in range
  [PASS] matched lift speed: 105 phys mm over 4 s arm move -> 16%
  [PASS] matched lift speed floors at 4%
  [PASS] matched lift speed caps at 100%

C. ArrivalMonitor demux
  [PASS] wrong handle ignored
  [PASS] event_type 0 ignored
  [PASS] trajectory_connect=1 does not complete
  [PASS] matching event completes with success
  [PASS] failed trajectory reported

D. Locked mode (mock)
  [PASS] locked completes ok
  [PASS] locked ran all steps
  [PASS] locked arrivals via event
  [PASS] locked dispatch skew < 20 ms (mock)  (max 0.28 ms)
  [PASS] locked barrier: step k+1 after both k done
  [PASS] locked wall time plausible  (0.35 s)
  [PASS] locked stops on dispatch failure
  [PASS] locked partner halted on failure

E. Chained mode (mock)
  [PASS] chained completes ok
  [PASS] chained ordering: follower k after leader k done
  [PASS] chained pipelines (leader k+1 overlaps follower k)

F. Free mode (mock)
  [PASS] free completes ok
  [PASS] free ran all steps both arms
  [PASS] free stops partner on failure

====================================================================
Dry run: 40/40 passed
====================================================================

========================================================================
  Script : run_dry_run.py
  Log    : run_dry_run.log
  Started: 2026-08-06 11:39:26
========================================================================
====================================================================
Dual-arm concept — offline dry run (no hardware, no motion)
====================================================================

A. Unit conversions
  [PASS] left ready J2 rad->deg  (-108.0025)
  [PASS] left ready J7 rad->deg  (180.0004)
  [PASS] right rest J3 rad->deg  (-26.0008)
  [PASS] right zero all 0
  [PASS] lift minimum -> 7 hw-mm
  [PASS] lift quarter -> 50 hw-mm
  [PASS] lift half -> 100 hw-mm
  [PASS] lift full -> 193 hw-mm
  [PASS] lift range guard rejects 0.0
  [PASS] lift range guard rejects 0.31
  [PASS] lift range guard rejects -0.1

B. Concept sequence
  [PASS] 7 steps
  [PASS] first step homes to ready
  [PASS] all targets defined for both sides
  [PASS] sequence includes sync steps
  [PASS] sequence includes hand steps
  [PASS] hand grasp = 33/33/33/33/133/944 (bench echo)
  [PASS] hand values in range
  [PASS] matched lift speed: 105 phys mm over 4 s arm move -> 16%
  [PASS] matched lift speed floors at 4%
  [PASS] matched lift speed caps at 100%

C. ArrivalMonitor demux
  [PASS] wrong handle ignored
  [PASS] event_type 0 ignored
  [PASS] trajectory_connect=1 does not complete
  [PASS] matching event completes with success
  [PASS] failed trajectory reported

D. Locked mode (mock)
  [PASS] locked completes ok
  [PASS] locked ran all steps
  [PASS] locked arrivals via event
  [PASS] locked dispatch skew < 20 ms (mock)  (max 0.79 ms)
  [PASS] locked barrier: step k+1 after both k done
  [PASS] locked wall time plausible  (0.36 s)
  [PASS] locked stops on dispatch failure
  [PASS] locked partner halted on failure

E. Chained mode (mock)
  [PASS] chained completes ok
  [PASS] chained ordering: follower k after leader k done
  [PASS] chained pipelines (leader k+1 overlaps follower k)

F. Free mode (mock)
  [PASS] free completes ok
  [PASS] free ran all steps both arms
  [PASS] free stops partner on failure

====================================================================
Dry run: 40/40 passed
====================================================================

========================================================================
  Script : run_dry_run.py
  Log    : run_dry_run.log
  Started: 2026-08-06 12:05:13
========================================================================
====================================================================
Dual-arm concept — offline dry run (no hardware, no motion)
====================================================================

A. Unit conversions
  [PASS] left ready J2 rad->deg  (-108.0025)
  [PASS] left ready J7 rad->deg  (180.0004)
  [PASS] right rest J3 rad->deg  (-26.0008)
  [PASS] right zero all 0
  [PASS] lift minimum -> 7 hw-mm
  [PASS] lift quarter -> 50 hw-mm
  [PASS] lift half -> 100 hw-mm
  [PASS] lift full -> 193 hw-mm
  [PASS] lift range guard rejects 0.0
  [PASS] lift range guard rejects 0.31
  [PASS] lift range guard rejects -0.1

B. Concept sequence
  [PASS] 7 steps
  [PASS] first step homes to ready
  [PASS] all targets defined for both sides
  [PASS] sequence includes sync steps
  [PASS] sequence includes hand steps
  [PASS] hand grasp = 33/33/33/33/133/944 (bench echo)
  [PASS] hand values in range
  [PASS] matched lift speed: 105 phys mm over 4 s arm move -> 16%
  [PASS] matched lift speed floors at 4%
  [PASS] matched lift speed caps at 100%

C. ArrivalMonitor demux
  [PASS] wrong handle ignored
  [PASS] event_type 0 ignored
  [PASS] trajectory_connect=1 does not complete
  [PASS] matching event completes with success
  [PASS] failed trajectory reported

D. Locked mode (mock)
  [PASS] locked completes ok
  [PASS] locked ran all steps
  [PASS] locked arrivals via event
  [PASS] locked dispatch skew < 20 ms (mock)  (max 0.91 ms)
  [PASS] locked barrier: step k+1 after both k done
  [PASS] locked wall time plausible  (0.36 s)
  [PASS] locked stops on dispatch failure
  [PASS] locked partner halted on failure

E. Chained mode (mock)
  [PASS] chained completes ok
  [PASS] chained ordering: follower k after leader k done
  [PASS] chained pipelines (leader k+1 overlaps follower k)

F. Free mode (mock)
  [PASS] free completes ok
  [PASS] free ran all steps both arms
  [PASS] free stops partner on failure

====================================================================
Dry run: 40/40 passed
====================================================================

========================================================================
  Script : run_dry_run.py
  Log    : run_dry_run.log
  Started: 2026-08-06 12:06:43
========================================================================
====================================================================
Dual-arm concept — offline dry run (no hardware, no motion)
====================================================================

A. Unit conversions
  [PASS] left ready J2 rad->deg  (-108.0025)
  [PASS] left ready J7 rad->deg  (180.0004)
  [PASS] right rest J3 rad->deg  (-26.0008)
  [PASS] right zero all 0
  [PASS] lift minimum -> 7 hw-mm
  [PASS] lift quarter -> 50 hw-mm
  [PASS] lift half -> 100 hw-mm
  [PASS] lift full -> 193 hw-mm
  [PASS] lift range guard rejects 0.0
  [PASS] lift range guard rejects 0.31
  [PASS] lift range guard rejects -0.1

B. Concept sequence
  [PASS] 7 steps
  [PASS] first step homes to ready
  [PASS] all targets defined for both sides
  [PASS] sequence includes sync steps
  [PASS] sequence includes hand steps
  [PASS] hand grasp = 33/33/33/33/133/944 (bench echo)
  [PASS] hand values in range
  [PASS] matched lift speed: 105 phys mm over 4 s arm move -> 16%
  [PASS] matched lift speed floors at 4%
  [PASS] matched lift speed caps at 100%

C. ArrivalMonitor demux
  [PASS] wrong handle ignored
  [PASS] event_type 0 ignored
  [PASS] trajectory_connect=1 does not complete
  [PASS] matching event completes with success
  [PASS] failed trajectory reported

D. Locked mode (mock)
  [PASS] locked completes ok
  [PASS] locked ran all steps
  [PASS] locked arrivals via event
  [PASS] locked dispatch skew < 20 ms (mock)  (max 0.97 ms)
  [PASS] locked barrier: step k+1 after both k done
  [PASS] locked wall time plausible  (0.36 s)
  [PASS] locked stops on dispatch failure
  [PASS] locked partner halted on failure

E. Chained mode (mock)
  [PASS] chained completes ok
  [PASS] chained ordering: follower k after leader k done
  [PASS] chained pipelines (leader k+1 overlaps follower k)

F. Free mode (mock)
  [PASS] free completes ok
  [PASS] free ran all steps both arms
  [PASS] free stops partner on failure

====================================================================
Dry run: 40/40 passed
====================================================================

========================================================================
  Script : run_dry_run.py
  Log    : run_dry_run.log
  Started: 2026-08-06 12:38:37
========================================================================
====================================================================
Dual-arm concept — offline dry run (no hardware, no motion)
====================================================================

A. Unit conversions
  [PASS] left ready J2 rad->deg  (-108.0025)
  [PASS] left ready J7 rad->deg  (180.0004)
  [PASS] right rest J3 rad->deg  (-26.0008)
  [PASS] right zero all 0
  [PASS] lift minimum -> 7 hw-mm
  [PASS] lift quarter -> 50 hw-mm
  [PASS] lift half -> 100 hw-mm
  [PASS] lift full -> 193 hw-mm
  [PASS] lift range guard rejects 0.0
  [PASS] lift range guard rejects 0.31
  [PASS] lift range guard rejects -0.1

B. Concept sequence
  [PASS] 7 steps
  [PASS] first step homes to ready
  [PASS] all targets defined for both sides
  [PASS] sequence includes sync steps
  [PASS] sequence includes hand steps
  [PASS] hand grasp = 33/33/33/33/133/944 (bench echo)
  [PASS] hand values in range
  [PASS] matched lift speed: 105 phys mm over 4 s arm move -> 16%
  [PASS] matched lift speed floors at 4%
  [PASS] matched lift speed caps at 100%

C. ArrivalMonitor demux
  [PASS] wrong handle ignored
  [PASS] event_type 0 ignored
  [PASS] trajectory_connect=1 does not complete
  [PASS] matching event completes with success
  [PASS] failed trajectory reported

D. Locked mode (mock)
  [PASS] locked completes ok
  [PASS] locked ran all steps
  [PASS] locked arrivals via event
  [PASS] locked dispatch skew < 20 ms (mock)  (max 0.75 ms)
  [PASS] locked barrier: step k+1 after both k done
  [PASS] locked wall time plausible  (0.36 s)
  [PASS] locked stops on dispatch failure
  [PASS] locked partner halted on failure

E. Chained mode (mock)
  [PASS] chained completes ok
  [PASS] chained ordering: follower k after leader k done
  [PASS] chained pipelines (leader k+1 overlaps follower k)

F. Free mode (mock)
  [PASS] free completes ok
  [PASS] free ran all steps both arms
  [PASS] free stops partner on failure

====================================================================
Dry run: 40/40 passed
====================================================================

========================================================================
  Script : run_dry_run.py
  Log    : run_dry_run.log
  Started: 2026-08-06 12:49:07
========================================================================
====================================================================
Dual-arm concept — offline dry run (no hardware, no motion)
====================================================================

A. Unit conversions
  [PASS] left ready J2 rad->deg  (-108.0025)
  [PASS] left ready J7 rad->deg  (180.0004)
  [PASS] right rest J3 rad->deg  (-26.0008)
  [PASS] right zero all 0
  [PASS] lift minimum -> 7 hw-mm
  [PASS] lift quarter -> 50 hw-mm
  [PASS] lift half -> 100 hw-mm
  [PASS] lift full -> 193 hw-mm
  [PASS] lift range guard rejects 0.0
  [PASS] lift range guard rejects 0.31
  [PASS] lift range guard rejects -0.1

B. Concept sequence
  [PASS] 7 steps
  [PASS] first step homes to ready
  [PASS] all targets defined for both sides
  [PASS] sequence includes sync steps
  [PASS] sequence includes hand steps
  [PASS] hand grasp = 33/33/33/33/133/944 (bench echo)
  [PASS] hand values in range
  [PASS] matched lift speed: 105 phys mm over 4 s arm move -> 16%
  [PASS] matched lift speed floors at 4%
  [PASS] matched lift speed caps at 100%

C. ArrivalMonitor demux
  [PASS] wrong handle ignored
  [PASS] event_type 0 ignored
  [PASS] trajectory_connect=1 does not complete
  [PASS] matching event completes with success
  [PASS] failed trajectory reported

D. Locked mode (mock)
  [PASS] locked completes ok
  [PASS] locked ran all steps
  [PASS] locked arrivals via event
  [PASS] locked dispatch skew < 20 ms (mock)  (max 0.97 ms)
  [PASS] locked barrier: step k+1 after both k done
  [PASS] locked wall time plausible  (0.36 s)
  [PASS] locked stops on dispatch failure
  [PASS] locked partner halted on failure

E. Chained mode (mock)
  [PASS] chained completes ok
  [PASS] chained ordering: follower k after leader k done
  [PASS] chained pipelines (leader k+1 overlaps follower k)

F. Free mode (mock)
  [PASS] free completes ok
  [PASS] free ran all steps both arms
  [PASS] free stops partner on failure

G. Endpoint configuration (env overrides)
  [PASS] defaults apply when env unset
  [PASS] C5 shares the common config
  [PASS] emulator defaults match the tests
  [PASS] env overrides reach dual_arm_common
  [PASS] env overrides reach C5
  [PASS] env overrides reach the emulator

====================================================================
Dry run: 46/46 passed
====================================================================

========================================================================
  Script : run_dry_run.py
  Log    : run_dry_run.log
  Started: 2026-08-06 12:52:54
========================================================================
====================================================================
Dual-arm concept — offline dry run (no hardware, no motion)
====================================================================

A. Unit conversions
  [PASS] left ready J2 rad->deg  (-108.0025)
  [PASS] left ready J7 rad->deg  (180.0004)
  [PASS] right rest J3 rad->deg  (-26.0008)
  [PASS] right zero all 0
  [PASS] lift minimum -> 7 hw-mm
  [PASS] lift quarter -> 50 hw-mm
  [PASS] lift half -> 100 hw-mm
  [PASS] lift full -> 193 hw-mm
  [PASS] lift range guard rejects 0.0
  [PASS] lift range guard rejects 0.31
  [PASS] lift range guard rejects -0.1

B. Concept sequence
  [PASS] 7 steps
  [PASS] first step homes to ready
  [PASS] all targets defined for both sides
  [PASS] sequence includes sync steps
  [PASS] sequence includes hand steps
  [PASS] hand grasp = 33/33/33/33/133/944 (bench echo)
  [PASS] hand values in range
  [PASS] matched lift speed: 105 phys mm over 4 s arm move -> 16%
  [PASS] matched lift speed floors at 4%
  [PASS] matched lift speed caps at 100%

C. ArrivalMonitor demux
  [PASS] wrong handle ignored
  [PASS] event_type 0 ignored
  [PASS] trajectory_connect=1 does not complete
  [PASS] matching event completes with success
  [PASS] failed trajectory reported

D. Locked mode (mock)
  [PASS] locked completes ok
  [PASS] locked ran all steps
  [PASS] locked arrivals via event
  [PASS] locked dispatch skew < 20 ms (mock)  (max 0.48 ms)
  [PASS] locked barrier: step k+1 after both k done
  [PASS] locked wall time plausible  (0.36 s)
  [PASS] locked stops on dispatch failure
  [PASS] locked partner halted on failure

E. Chained mode (mock)
  [PASS] chained completes ok
  [PASS] chained ordering: follower k after leader k done
  [PASS] chained pipelines (leader k+1 overlaps follower k)

F. Free mode (mock)
  [PASS] free completes ok
  [PASS] free ran all steps both arms
  [PASS] free stops partner on failure

G. Endpoint configuration (env overrides)
  [PASS] defaults apply when env unset
  [PASS] C5 shares the common config
  [PASS] emulator defaults match the tests
  [PASS] env overrides reach dual_arm_common
  [PASS] env overrides reach C5
  [PASS] env overrides reach the emulator

====================================================================
Dry run: 46/46 passed
====================================================================

========================================================================
  Script : run_dry_run.py
  Log    : run_dry_run.log
  Started: 2026-08-06 15:30:54
========================================================================
====================================================================
Dual-arm concept — offline dry run (no hardware, no motion)
====================================================================

A. Unit conversions
  [PASS] left ready J2 rad->deg  (-108.0025)
  [PASS] left ready J7 rad->deg  (180.0004)
  [PASS] right rest J3 rad->deg  (-26.0008)
  [PASS] right zero all 0
  [PASS] lift minimum -> 7 hw-mm
  [PASS] lift quarter -> 50 hw-mm
  [PASS] lift half -> 100 hw-mm
  [PASS] lift full -> 193 hw-mm
  [PASS] lift range guard rejects 0.0
  [PASS] lift range guard rejects 0.31
  [PASS] lift range guard rejects -0.1

B. Concept sequence
  [PASS] 7 steps
  [PASS] first step homes to ready
  [PASS] all targets defined for both sides
  [PASS] sequence includes sync steps
  [PASS] sequence includes hand steps
  [PASS] hand grasp = 33/33/33/33/133/944 (bench echo)
  [PASS] hand values in range
  [PASS] matched lift speed: 105 phys mm over 4 s arm move -> 16%
  [PASS] matched lift speed floors at 4%
  [PASS] matched lift speed caps at 100%

C. ArrivalMonitor demux
  [PASS] wrong handle ignored
  [PASS] event_type 0 ignored
  [PASS] trajectory_connect=1 does not complete
  [PASS] matching event completes with success
  [PASS] failed trajectory reported

D. Locked mode (mock)
  [PASS] locked completes ok
  [PASS] locked ran all steps
  [PASS] locked arrivals via event
  [PASS] locked dispatch skew < 20 ms (mock)  (max 0.57 ms)
  [PASS] locked barrier: step k+1 after both k done
  [PASS] locked wall time plausible  (0.35 s)
  [PASS] locked stops on dispatch failure
  [PASS] locked partner halted on failure

E. Chained mode (mock)
  [PASS] chained completes ok
  [PASS] chained ordering: follower k after leader k done
  [PASS] chained pipelines (leader k+1 overlaps follower k)

F. Free mode (mock)
  [PASS] free completes ok
  [PASS] free ran all steps both arms
  [PASS] free stops partner on failure

G. Endpoint configuration (env overrides)
  [FAIL] configuration probe subprocess  (IndexError('list index out of range'))

====================================================================
Dry run: 40/41 passed
====================================================================

========================================================================
  Script : run_dry_run.py
  Log    : run_dry_run.log
  Started: 2026-08-06 15:31:20
========================================================================
====================================================================
Dual-arm concept — offline dry run (no hardware, no motion)
====================================================================

A. Unit conversions
  [PASS] left ready J2 rad->deg  (-108.0025)
  [PASS] left ready J7 rad->deg  (180.0004)
  [PASS] right rest J3 rad->deg  (-26.0008)
  [PASS] right zero all 0
  [PASS] lift minimum -> 7 hw-mm
  [PASS] lift quarter -> 50 hw-mm
  [PASS] lift half -> 100 hw-mm
  [PASS] lift full -> 193 hw-mm
  [PASS] lift range guard rejects 0.0
  [PASS] lift range guard rejects 0.31
  [PASS] lift range guard rejects -0.1

B. Concept sequence
  [PASS] 7 steps
  [PASS] first step homes to ready
  [PASS] all targets defined for both sides
  [PASS] sequence includes sync steps
  [PASS] sequence includes hand steps
  [PASS] hand grasp = 33/33/33/33/133/944 (bench echo)
  [PASS] hand values in range
  [PASS] matched lift speed: 105 phys mm over 4 s arm move -> 16%
  [PASS] matched lift speed floors at 4%
  [PASS] matched lift speed caps at 100%

C. ArrivalMonitor demux
  [PASS] wrong handle ignored
  [PASS] event_type 0 ignored
  [PASS] trajectory_connect=1 does not complete
  [PASS] matching event completes with success
  [PASS] failed trajectory reported

D. Locked mode (mock)
  [PASS] locked completes ok
  [PASS] locked ran all steps
  [PASS] locked arrivals via event
  [PASS] locked dispatch skew < 20 ms (mock)  (max 0.36 ms)
  [PASS] locked barrier: step k+1 after both k done
  [PASS] locked wall time plausible  (0.36 s)
  [PASS] locked stops on dispatch failure
  [PASS] locked partner halted on failure

E. Chained mode (mock)
  [PASS] chained completes ok
  [PASS] chained ordering: follower k after leader k done
  [PASS] chained pipelines (leader k+1 overlaps follower k)

F. Free mode (mock)
  [PASS] free completes ok
  [PASS] free ran all steps both arms
  [PASS] free stops partner on failure

G. Endpoint configuration (env overrides)
  [FAIL] configuration probe subprocess  (IndexError('list index out of range'))

====================================================================
Dry run: 40/41 passed
====================================================================

========================================================================
  Script : run_dry_run.py
  Log    : run_dry_run.log
  Started: 2026-08-06 13:16:59
========================================================================
====================================================================
Dual-arm concept — offline dry run (no hardware, no motion)
====================================================================

A. Unit conversions
  [PASS] left ready J2 rad->deg  (-108.0025)
  [PASS] left ready J7 rad->deg  (180.0004)
  [PASS] right rest J3 rad->deg  (-26.0008)
  [PASS] right zero all 0
  [PASS] lift minimum -> 7 hw-mm
  [PASS] lift quarter -> 50 hw-mm
  [PASS] lift half -> 100 hw-mm
  [PASS] lift full -> 193 hw-mm
  [PASS] lift range guard rejects 0.0
  [PASS] lift range guard rejects 0.31
  [PASS] lift range guard rejects -0.1

B. Concept sequence
  [PASS] 7 steps
  [PASS] first step homes to ready
  [PASS] all targets defined for both sides
  [PASS] sequence includes sync steps
  [PASS] sequence includes hand steps
  [PASS] hand grasp = 33/33/33/33/133/944 (bench echo)
  [PASS] hand values in range
  [PASS] matched lift speed: 105 phys mm over 4 s arm move -> 16%
  [PASS] matched lift speed floors at 4%
  [PASS] matched lift speed caps at 100%

C. ArrivalMonitor demux
  [PASS] wrong handle ignored
  [PASS] event_type 0 ignored
  [PASS] trajectory_connect=1 does not complete
  [PASS] matching event completes with success
  [PASS] failed trajectory reported

D. Locked mode (mock)
  [PASS] locked completes ok
  [PASS] locked ran all steps
  [PASS] locked arrivals via event
  [PASS] locked dispatch skew < 20 ms (mock)  (max 0.43 ms)
  [PASS] locked barrier: step k+1 after both k done
  [PASS] locked wall time plausible  (0.35 s)
  [PASS] locked stops on dispatch failure
  [PASS] locked partner halted on failure

E. Chained mode (mock)
  [PASS] chained completes ok
  [PASS] chained ordering: follower k after leader k done
  [PASS] chained pipelines (leader k+1 overlaps follower k)

F. Free mode (mock)
  [PASS] free completes ok
  [PASS] free ran all steps both arms
  [PASS] free stops partner on failure

G. Endpoint configuration (env overrides)
  [FAIL] configuration probe subprocess  (IndexError('list index out of range'))

====================================================================
Dry run: 40/41 passed
====================================================================

========================================================================
  Script : run_dry_run.py
  Log    : run_dry_run.log
  Started: 2026-08-06 13:17:29
========================================================================
====================================================================
Dual-arm concept — offline dry run (no hardware, no motion)
====================================================================

A. Unit conversions
  [PASS] left ready J2 rad->deg  (-108.0025)
  [PASS] left ready J7 rad->deg  (180.0004)
  [PASS] right rest J3 rad->deg  (-26.0008)
  [PASS] right zero all 0
  [PASS] lift minimum -> 7 hw-mm
  [PASS] lift quarter -> 50 hw-mm
  [PASS] lift half -> 100 hw-mm
  [PASS] lift full -> 193 hw-mm
  [PASS] lift range guard rejects 0.0
  [PASS] lift range guard rejects 0.31
  [PASS] lift range guard rejects -0.1

B. Concept sequence
  [PASS] 7 steps
  [PASS] first step homes to ready
  [PASS] all targets defined for both sides
  [PASS] sequence includes sync steps
  [PASS] sequence includes hand steps
  [PASS] hand grasp = 33/33/33/33/133/944 (bench echo)
  [PASS] hand values in range
  [PASS] matched lift speed: 105 phys mm over 4 s arm move -> 16%
  [PASS] matched lift speed floors at 4%
  [PASS] matched lift speed caps at 100%

C. ArrivalMonitor demux
  [PASS] wrong handle ignored
  [PASS] event_type 0 ignored
  [PASS] trajectory_connect=1 does not complete
  [PASS] matching event completes with success
  [PASS] failed trajectory reported

D. Locked mode (mock)
  [PASS] locked completes ok
  [PASS] locked ran all steps
  [PASS] locked arrivals via event
  [PASS] locked dispatch skew < 20 ms (mock)  (max 0.60 ms)
  [PASS] locked barrier: step k+1 after both k done
  [PASS] locked wall time plausible  (0.36 s)
  [PASS] locked stops on dispatch failure
  [PASS] locked partner halted on failure

E. Chained mode (mock)
  [PASS] chained completes ok
  [PASS] chained ordering: follower k after leader k done
  [PASS] chained pipelines (leader k+1 overlaps follower k)

F. Free mode (mock)
  [PASS] free completes ok
  [PASS] free ran all steps both arms
  [PASS] free stops partner on failure

G. Endpoint configuration (env overrides)
  [FAIL] configuration probe subprocess  (IndexError('list index out of range'))

====================================================================
Dry run: 40/41 passed
====================================================================

========================================================================
  Script : run_dry_run.py
  Log    : run_dry_run.log
  Started: 2026-08-06 13:18:42
========================================================================
====================================================================
Dual-arm concept — offline dry run (no hardware, no motion)
====================================================================

A. Unit conversions
  [PASS] left ready J2 rad->deg  (-108.0025)
  [PASS] left ready J7 rad->deg  (180.0004)
  [PASS] right rest J3 rad->deg  (-26.0008)
  [PASS] right zero all 0
  [PASS] lift minimum -> 7 hw-mm
  [PASS] lift quarter -> 50 hw-mm
  [PASS] lift half -> 100 hw-mm
  [PASS] lift full -> 193 hw-mm
  [PASS] lift range guard rejects 0.0
  [PASS] lift range guard rejects 0.31
  [PASS] lift range guard rejects -0.1

B. Concept sequence
  [PASS] 7 steps
  [PASS] first step homes to ready
  [PASS] all targets defined for both sides
  [PASS] sequence includes sync steps
  [PASS] sequence includes hand steps
  [PASS] hand grasp = 33/33/33/33/133/944 (bench echo)
  [PASS] hand values in range
  [PASS] matched lift speed: 105 phys mm over 4 s arm move -> 16%
  [PASS] matched lift speed floors at 4%
  [PASS] matched lift speed caps at 100%

C. ArrivalMonitor demux
  [PASS] wrong handle ignored
  [PASS] event_type 0 ignored
  [PASS] trajectory_connect=1 does not complete
  [PASS] matching event completes with success
  [PASS] failed trajectory reported

D. Locked mode (mock)
  [PASS] locked completes ok
  [PASS] locked ran all steps
  [PASS] locked arrivals via event
  [PASS] locked dispatch skew < 20 ms (mock)  (max 0.51 ms)
  [PASS] locked barrier: step k+1 after both k done
  [PASS] locked wall time plausible  (0.36 s)
  [PASS] locked stops on dispatch failure
  [PASS] locked partner halted on failure

E. Chained mode (mock)
  [PASS] chained completes ok
  [PASS] chained ordering: follower k after leader k done
  [PASS] chained pipelines (leader k+1 overlaps follower k)

F. Free mode (mock)
  [PASS] free completes ok
  [PASS] free ran all steps both arms
  [PASS] free stops partner on failure

G. Endpoint configuration (env overrides)
  [PASS] defaults apply when env unset
  [PASS] C5 shares the common config
  [PASS] emulator defaults match the tests
  [PASS] env overrides reach dual_arm_common
  [PASS] env overrides reach C5
  [PASS] env overrides reach the emulator

====================================================================
Dry run: 46/46 passed
====================================================================

========================================================================
  Script : run_dry_run.py
  Log    : run_dry_run.log
  Started: 2026-08-06 13:19:22
========================================================================
====================================================================
Dual-arm concept — offline dry run (no hardware, no motion)
====================================================================

A. Unit conversions
  [PASS] left ready J2 rad->deg  (-108.0025)
  [PASS] left ready J7 rad->deg  (180.0004)
  [PASS] right rest J3 rad->deg  (-26.0008)
  [PASS] right zero all 0
  [PASS] lift minimum -> 7 hw-mm
  [PASS] lift quarter -> 50 hw-mm
  [PASS] lift half -> 100 hw-mm
  [PASS] lift full -> 193 hw-mm
  [PASS] lift range guard rejects 0.0
  [PASS] lift range guard rejects 0.31
  [PASS] lift range guard rejects -0.1

B. Concept sequence
  [PASS] 7 steps
  [PASS] first step homes to ready
  [PASS] all targets defined for both sides
  [PASS] sequence includes sync steps
  [PASS] sequence includes hand steps
  [PASS] hand grasp = 33/33/33/33/133/944 (bench echo)
  [PASS] hand values in range
  [PASS] matched lift speed: 105 phys mm over 4 s arm move -> 16%
  [PASS] matched lift speed floors at 4%
  [PASS] matched lift speed caps at 100%

C. ArrivalMonitor demux
  [PASS] wrong handle ignored
  [PASS] event_type 0 ignored
  [PASS] trajectory_connect=1 does not complete
  [PASS] matching event completes with success
  [PASS] failed trajectory reported

D. Locked mode (mock)
  [PASS] locked completes ok
  [PASS] locked ran all steps
  [PASS] locked arrivals via event
  [PASS] locked dispatch skew < 20 ms (mock)  (max 0.84 ms)
  [PASS] locked barrier: step k+1 after both k done
  [PASS] locked wall time plausible  (0.36 s)
  [PASS] locked stops on dispatch failure
  [PASS] locked partner halted on failure

E. Chained mode (mock)
  [PASS] chained completes ok
  [PASS] chained ordering: follower k after leader k done
  [PASS] chained pipelines (leader k+1 overlaps follower k)

F. Free mode (mock)
  [PASS] free completes ok
  [PASS] free ran all steps both arms
  [PASS] free stops partner on failure

G. Endpoint configuration (env overrides)
  [PASS] defaults apply when env unset
  [PASS] C5 shares the common config
  [PASS] emulator defaults match the tests
  [PASS] env overrides reach dual_arm_common
  [PASS] env overrides reach C5
  [PASS] env overrides reach the emulator

====================================================================
Dry run: 46/46 passed
====================================================================
