
========================================================================
  Script : stage_runner.py
  Log    : stage_runner.log
  Started: 2026-08-08 19:01:53
========================================================================
========================================================================
Phase 2 stage runner — hinge_area_right  [right]
    arm=192.168.1.103   ik=R_glove_frame_4   speeds arm=20% approach=10% pole=50%
    serialization: ENFORCED   (RM_SERIALIZE=0 to relax)
    mode: as-found   DRY RUN — no commands are sent
========================================================================
  plan arm stages: ['move_to_pre_start', 'move_to_start', 'execute_path', 'move_to_rest']
  [PASS] task is serialized (one device per stage)  (8 device stages)
    ok   hand_release                 [hand]   0.00s  DRY set_hand_angle(release)
    ok   move_pole_to_quarter_height  [pole]   0.00s  DRY set_lift_height(50%, 75)
    ok   hand_grasp                   [hand]   0.00s  DRY set_hand_angle(quarter_grasp)
    ok   move_to_pre_start            [arm ]   0.00s  DRY movej([7.2, -36.7, -15.1, 95.2, -25.6, -32.1, 23.4], v=10%)
    ok   move_to_start                [arm ]   0.00s  DRY movej([6.1, -33.8, -15.9, 100.7, -22.3, -40.4, 20.9], v=10%)
    ok   execute_path                 [arm ]   3.53s  DRY tool=R_glove_4 43 chained movel, r=10%
    ok   move_to_rest                 [arm ]   0.00s  DRY movej([0.0, -82.0, -26.0, 98.0, 6.0, 62.0, 69.0], v=20%)
    ok   hand_release                 [hand]   0.00s  DRY set_hand_angle(release)
  [PASS] stage sequence completed  (8 stages ran)

  Summary: 2 PASS, 0 FAIL, 0 SKIP

========================================================================
  Script : stage_runner.py
  Log    : stage_runner.log
  Started: 2026-08-08 19:01:57
========================================================================
========================================================================
Phase 2 stage runner — hinge_area_left  [left]
    arm=192.168.1.10   ik=L_glove_frame_4   speeds arm=20% approach=10% pole=50%
    serialization: ENFORCED   (RM_SERIALIZE=0 to relax)
    mode: as-found   DRY RUN — no commands are sent
========================================================================
  plan arm stages: ['move_to_pre_start', 'move_to_start', 'execute_path', 'move_to_rest']
  [PASS] task is serialized (one device per stage)  (8 device stages)
    ok   hand_release                 [hand]   0.00s  DRY set_hand_angle(release)
    ok   move_pole_to_quarter_height  [pole]   0.00s  DRY set_lift_height(50%, 75)
    ok   hand_grasp                   [hand]   0.00s  DRY set_hand_angle(quarter_grasp)
    ok   move_to_pre_start            [arm ]   0.00s  DRY movej([-7.2, -36.7, 15.1, 95.2, 25.6, -32.1, 156.6], v=10%)
    ok   move_to_start                [arm ]   0.00s  DRY movej([-6.0, -33.8, 15.9, 100.8, 22.3, -40.4, 159.2], v=10%)
    ok   execute_path                 [arm ]   3.42s  DRY tool=L_glove_4 43 chained movel, r=10%
    ok   move_to_rest                 [arm ]   0.00s  DRY movej([-0.0, -82.0, 26.0, 98.0, -6.0, 62.0, 111.0], v=20%)
    ok   hand_release                 [hand]   0.00s  DRY set_hand_angle(release)
  [PASS] stage sequence completed  (8 stages ran)

  Summary: 2 PASS, 0 FAIL, 0 SKIP

========================================================================
  Script : stage_runner.py
  Log    : stage_runner.log
  Started: 2026-08-08 19:02:01
========================================================================
========================================================================
Phase 2 stage runner — toplid_right  [right]
    arm=192.168.1.103   ik=R_glove_frame_2   speeds arm=20% approach=10% pole=50%
    serialization: ENFORCED   (RM_SERIALIZE=0 to relax)
    mode: as-found   DRY RUN — no commands are sent
========================================================================
  plan arm stages: ['move_to_start', 'execute_path', 'move_to_rest']
  [PASS] task is serialized (one device per stage)  (6 device stages)
    ok   hand_grasp                   [hand]   0.00s  DRY set_hand_angle(grasp)
    ok   move_pole_to_quarter_height  [pole]   0.00s  DRY set_lift_height(50%, 75)
    ok   move_to_start                [arm ]   0.00s  DRY movej([12.3, -53.9, -10.2, 92.2, -5.8, 49.1, -4.4], v=10%)
    ok   open_tenth                   [hand]   0.00s  DRY set_hand_angle(open_tenth)
    ok   execute_path                 [arm ]   3.27s  DRY tool=R_glove_2 27 chained movel, r=10%
    ok   move_to_rest                 [arm ]   0.00s  DRY movej([0.0, -82.0, -26.0, 98.0, 6.0, 62.0, 69.0], v=20%)
  [PASS] stage sequence completed  (6 stages ran)

  Summary: 2 PASS, 0 FAIL, 0 SKIP

========================================================================
  Script : stage_runner.py
  Log    : stage_runner.log
  Started: 2026-08-08 19:02:04
========================================================================
========================================================================
Phase 2 stage runner — toplid_left  [left]
    arm=192.168.1.10   ik=L_glove_frame_2   speeds arm=20% approach=10% pole=50%
    serialization: ENFORCED   (RM_SERIALIZE=0 to relax)
    mode: as-found   DRY RUN — no commands are sent
========================================================================
  plan arm stages: ['move_to_start', 'execute_path', 'move_to_rest']
  [PASS] task is serialized (one device per stage)  (7 device stages)
    ok   hand_grasp                   [hand]   0.00s  DRY set_hand_angle(grasp)
    ok   move_pole_to_quarter_height  [pole]   0.00s  DRY set_lift_height(50%, 75)
    ok   move_to_start                [arm ]   0.00s  DRY movej([-21.2, -53.9, 6.7, 90.0, 19.6, 52.1, 173.6], v=10%)
    ok   open_tenth                   [hand]   0.00s  DRY set_hand_angle(open_tenth)
    ok   execute_path                 [arm ]   3.33s  DRY tool=L_glove_2 27 chained movel, r=10%
    ok   move_to_rest                 [arm ]   0.00s  DRY movej([0.0, -82.0, 26.0, 98.0, -6.0, 62.0, 111.0], v=20%)
    ok   hand_release                 [hand]   0.00s  DRY set_hand_angle(release)
  [PASS] stage sequence completed  (7 stages ran)

  Summary: 2 PASS, 0 FAIL, 0 SKIP

========================================================================
  Script : stage_runner.py
  Log    : stage_runner.log
  Started: 2026-08-08 19:04:37
========================================================================
========================================================================
Phase 2 stage runner — hinge_area_right  [right]
    arm=192.168.1.103   ik=R_glove_frame_4   speeds arm=20% approach=10% pole=50%
    serialization: ENFORCED   (RM_SERIALIZE=0 to relax)
    mode: as-found   DRY RUN — no commands are sent
========================================================================
  plan arm stages: ['move_to_pre_start', 'move_to_start', 'execute_path', 'move_to_rest']
  [PASS] task is serialized (one device per stage)  (8 device stages)
    ok   hand_release                 [hand]   0.00s  DRY set_hand_angle(release) [993, 993, 993, 993, 981, 992] from plan
    ok   move_pole_to_quarter_height  [pole]   0.00s  DRY set_lift_height(50%, 75)
    ok   hand_grasp                   [hand]   0.00s  DRY set_hand_angle(quarter_grasp) [750, 750, 750, 750, 1000, 944] from plan
    ok   move_to_pre_start            [arm ]   0.00s  DRY movej([7.2, -36.7, -15.1, 95.2, -25.6, -32.1, 23.4], v=10%)
    ok   move_to_start                [arm ]   0.00s  DRY movej([6.1, -33.8, -15.9, 100.7, -22.3, -40.4, 20.9], v=10%)
    ok   execute_path                 [arm ]   3.19s  DRY tool=R_glove_4 43 chained movel, r=10%
    ok   move_to_rest                 [arm ]   0.00s  DRY movej([0.0, -82.0, -26.0, 98.0, 6.0, 62.0, 69.0], v=20%)
    ok   hand_release                 [hand]   0.00s  DRY set_hand_angle(release) [993, 993, 993, 993, 981, 992] from plan
  [PASS] stage sequence completed  (8 stages ran)

  Summary: 2 PASS, 0 FAIL, 0 SKIP

========================================================================
  Script : stage_runner.py
  Log    : stage_runner.log
  Started: 2026-08-08 19:04:41
========================================================================
========================================================================
Phase 2 stage runner — toplid_right  [right]
    arm=192.168.1.103   ik=R_glove_frame_2   speeds arm=20% approach=10% pole=50%
    serialization: ENFORCED   (RM_SERIALIZE=0 to relax)
    mode: as-found   DRY RUN — no commands are sent
========================================================================
  plan arm stages: ['move_to_start', 'execute_path', 'move_to_rest']
  [PASS] task is serialized (one device per stage)  (6 device stages)
    ok   hand_grasp                   [hand]   0.00s  DRY set_hand_angle(grasp) [33, 33, 33, 33, 133, 944] from plan
    ok   move_pole_to_quarter_height  [pole]   0.00s  DRY set_lift_height(50%, 75)
    ok   move_to_start                [arm ]   0.00s  DRY movej([12.3, -53.9, -10.2, 92.2, -5.8, 49.1, -4.4], v=10%)
    ok   open_tenth                   [hand]   0.00s  DRY set_hand_angle(open_tenth) [130, 130, 130, 130, 133, 944] from plan
    ok   execute_path                 [arm ]   3.25s  DRY tool=R_glove_2 27 chained movel, r=10%
    ok   move_to_rest                 [arm ]   0.00s  DRY movej([0.0, -82.0, -26.0, 98.0, 6.0, 62.0, 69.0], v=20%)
  [PASS] stage sequence completed  (6 stages ran)

  Summary: 2 PASS, 0 FAIL, 0 SKIP
